// Jest Snapshot v1, https://goo.gl/fbAQLP

exports[`<HeroList/> test should render with given state from Redux store 1`] = `
<div>
  <h1>
     Heroes List
  </h1>
  <a
    href="/main"
    onClick={[Function]}
  >
     
    <button
      className="waves-effect waves-light btn"
    >
       
      Dashboard
       
    </button>
  </a>
  <div>
    <h1
      className="error"
    >
       No heroes :( 
    </h1>
  </div>
  <div>
    Add new hero
    <input
      onChange={[Function]}
      type="text"
    />
    <button
      className="waves-effect waves-light btn"
      onClick={[Function]}
    >
       
      Add hero
       
    </button>
    <label>
      <input
        className="with-gap"
        name="group1"
        onChange={[Function]}
        type="radio"
        value="Marvel"
      />
      <span>
        Marvel
      </span>
    </label>
    <label>
      <input
        className="with-gap"
        name="group1"
        onChange={[Function]}
        type="radio"
        value="DC"
      />
      <span>
        DC
      </span>
    </label>
  </div>
  <button
    className="waves-effect waves-light btn"
    onClick={[Function]}
  >
     
    Go back
     
  </button>
</div>
`;
