// Jest Snapshot v1, https://goo.gl/fbAQLP

exports[`<MainPage/> test  should render with given state from Redux store 1`] = `
<div>
  <div>
    <h1>
       Tours of heroes
    </h1>
  </div>
  <div>
    <a
      href="/heroes"
      onClick={[Function]}
    >
      <button
        className="waves-effect waves-light btn"
      >
         
        Heroes
         
      </button>
    </a>
    <div>
      <label>
        <input
          checked={false}
          className="with-gap"
          name="group1"
          onChange={[Function]}
          type="radio"
          value="Marvel"
        />
        <span>
          Marvel
        </span>
      </label>
      <label>
        <input
          checked={false}
          className="with-gap"
          name="group1"
          onChange={[Function]}
          type="radio"
          value="DC"
        />
        <span>
          DC
        </span>
      </label>
      <label>
        <input
          checked={true}
          className="with-gap"
          name="group1"
          onChange={[Function]}
          type="radio"
          value=""
        />
        <span>
          Both
        </span>
      </label>
    </div>
  </div>
  <div>
    <h1
      className="error"
    >
       No heroes :( 
    </h1>
  </div>
</div>
`;
